-----------------------------------------
Fri Nov 23 22:05:11 CET 2012
-----------------------------------------
make: *** No targets specified and no makefile found.  Stop.
